// Jest Snapshot v1, https://goo.gl/fbAQLP

exports[`<SearchInput /> should render correctly and snapshot 1`] = `
<View
  style={
    {
      "alignItems": "center",
      "flexDirection": "row",
      "height": 60,
      "paddingHorizontal": 10,
    }
  }
>
  <TextInput
    onChangeText={[Function]}
    style={
      {
        "borderBottomColor": "#DBB4AD",
        "borderBottomWidth": 1,
        "flex": 1,
        "height": 40,
      }
    }
    testID="search-input"
  />
  <Image
    source={
      {
        "testUri": "../../../src/assets/icons/search.png",
      }
    }
  />
</View>
`;
